// Jest Snapshot v1, https://goo.gl/fbAQLP

exports[`Reserve page tests renders correctly 1`] = `
Object {
  "asFragment": [Function],
  "baseElement": <body>
    <div>
      <div
        class="class"
      >
        <a
          href="/class/undefined"
        >
          <img
            alt="group"
            src="https://calm-mesa-77347.herokuapp.com/undefined"
          />
        </a>
        <div
          class="classInfo"
        >
          <h5 />
          <span
            class="seperator"
          />
          <p />
        </div>
        <div
          class="socialIcons"
        >
          <a
            class="social_icon twitter"
            href="https://facebook.com/"
          >
            <span />
          </a>
          <a
            class="social_icon facebook"
            href="https://twitter.com/"
          >
            <span />
          </a>
          <a
            class="social_icon instagram"
            href="https://instagram.com/"
          >
            <span />
          </a>
        </div>
      </div>
    </div>
  </body>,
  "container": <div>
    <div
      class="class"
    >
      <a
        href="/class/undefined"
      >
        <img
          alt="group"
          src="https://calm-mesa-77347.herokuapp.com/undefined"
        />
      </a>
      <div
        class="classInfo"
      >
        <h5 />
        <span
          class="seperator"
        />
        <p />
      </div>
      <div
        class="socialIcons"
      >
        <a
          class="social_icon twitter"
          href="https://facebook.com/"
        >
          <span />
        </a>
        <a
          class="social_icon facebook"
          href="https://twitter.com/"
        >
          <span />
        </a>
        <a
          class="social_icon instagram"
          href="https://instagram.com/"
        >
          <span />
        </a>
      </div>
    </div>
  </div>,
  "debug": [Function],
  "findAllByAltText": [Function],
  "findAllByDisplayValue": [Function],
  "findAllByLabelText": [Function],
  "findAllByPlaceholderText": [Function],
  "findAllByRole": [Function],
  "findAllByTestId": [Function],
  "findAllByText": [Function],
  "findAllByTitle": [Function],
  "findByAltText": [Function],
  "findByDisplayValue": [Function],
  "findByLabelText": [Function],
  "findByPlaceholderText": [Function],
  "findByRole": [Function],
  "findByTestId": [Function],
  "findByText": [Function],
  "findByTitle": [Function],
  "getAllByAltText": [Function],
  "getAllByDisplayValue": [Function],
  "getAllByLabelText": [Function],
  "getAllByPlaceholderText": [Function],
  "getAllByRole": [Function],
  "getAllByTestId": [Function],
  "getAllByText": [Function],
  "getAllByTitle": [Function],
  "getByAltText": [Function],
  "getByDisplayValue": [Function],
  "getByLabelText": [Function],
  "getByPlaceholderText": [Function],
  "getByRole": [Function],
  "getByTestId": [Function],
  "getByText": [Function],
  "getByTitle": [Function],
  "queryAllByAltText": [Function],
  "queryAllByDisplayValue": [Function],
  "queryAllByLabelText": [Function],
  "queryAllByPlaceholderText": [Function],
  "queryAllByRole": [Function],
  "queryAllByTestId": [Function],
  "queryAllByText": [Function],
  "queryAllByTitle": [Function],
  "queryByAltText": [Function],
  "queryByDisplayValue": [Function],
  "queryByLabelText": [Function],
  "queryByPlaceholderText": [Function],
  "queryByRole": [Function],
  "queryByTestId": [Function],
  "queryByText": [Function],
  "queryByTitle": [Function],
  "rerender": [Function],
  "unmount": [Function],
}
`;
